Analysis & Synthesis report for clock
Wed Mar 13 06:14:10 2019
Quartus II 64-Bit Version 9.0 Build 132 02/25/2009 SJ Full Version


---------------------
; Table of Contents ;
---------------------
  1. Legal Notice
  2. Analysis & Synthesis Summary
  3. Analysis & Synthesis Settings
  4. Analysis & Synthesis Source Files Read
  5. Analysis & Synthesis Resource Usage Summary
  6. Analysis & Synthesis Resource Utilization by Entity
  7. Registers Removed During Synthesis
  8. General Register Statistics
  9. Inverted Register Statistics
 10. Multiplexer Restructuring Statistics (Restructuring Performed)
 11. Analysis & Synthesis Messages



----------------
; Legal Notice ;
----------------
Copyright (C) 1991-2009 Altera Corporation
Your use of Altera Corporation's design tools, logic functions 
and other software and tools, and its AMPP partner logic 
functions, and any output files from any of the foregoing 
(including device programming or simulation files), and any 
associated documentation or information are expressly subject 
to the terms and conditions of the Altera Program License 
Subscription Agreement, Altera MegaCore Function License 
Agreement, or other applicable license agreement, including, 
without limitation, that your use is for the sole purpose of 
programming logic devices manufactured by Altera and sold by 
Altera or its authorized distributors.  Please refer to the 
applicable agreement for further details.



+------------------------------------------------------------------------+
; Analysis & Synthesis Summary                                           ;
+-----------------------------+------------------------------------------+
; Analysis & Synthesis Status ; Successful - Wed Mar 13 06:14:10 2019    ;
; Quartus II 64-Bit Version   ; 9.0 Build 132 02/25/2009 SJ Full Version ;
; Revision Name               ; clock                                    ;
; Top-level Entity Name       ; clock                                    ;
; Family                      ; Cyclone                                  ;
; Total logic elements        ; 181                                      ;
; Total pins                  ; 35                                       ;
; Total virtual pins          ; 0                                        ;
; Total memory bits           ; 0                                        ;
; Total PLLs                  ; 0                                        ;
+-----------------------------+------------------------------------------+


+----------------------------------------------------------------------------------------------------------+
; Analysis & Synthesis Settings                                                                            ;
+----------------------------------------------------------------+--------------------+--------------------+
; Option                                                         ; Setting            ; Default Value      ;
+----------------------------------------------------------------+--------------------+--------------------+
; Device                                                         ; EP1C12Q240C8       ;                    ;
; Top-level entity name                                          ; clock              ; clock              ;
; Family name                                                    ; Cyclone            ; Stratix II         ;
; Use Generated Physical Constraints File                        ; Off                ;                    ;
; Use smart compilation                                          ; Off                ; Off                ;
; Restructure Multiplexers                                       ; Auto               ; Auto               ;
; Create Debugging Nodes for IP Cores                            ; Off                ; Off                ;
; Preserve fewer node names                                      ; On                 ; On                 ;
; Disable OpenCore Plus hardware evaluation                      ; Off                ; Off                ;
; Verilog Version                                                ; Verilog_2001       ; Verilog_2001       ;
; VHDL Version                                                   ; VHDL93             ; VHDL93             ;
; State Machine Processing                                       ; Auto               ; Auto               ;
; Safe State Machine                                             ; Off                ; Off                ;
; Extract Verilog State Machines                                 ; On                 ; On                 ;
; Extract VHDL State Machines                                    ; On                 ; On                 ;
; Ignore Verilog initial constructs                              ; Off                ; Off                ;
; Iteration limit for constant Verilog loops                     ; 5000               ; 5000               ;
; Iteration limit for non-constant Verilog loops                 ; 250                ; 250                ;
; Add Pass-Through Logic to Inferred RAMs                        ; On                 ; On                 ;
; Parallel Synthesis                                             ; Off                ; Off                ;
; NOT Gate Push-Back                                             ; On                 ; On                 ;
; Power-Up Don't Care                                            ; On                 ; On                 ;
; Remove Redundant Logic Cells                                   ; Off                ; Off                ;
; Remove Duplicate Registers                                     ; On                 ; On                 ;
; Ignore CARRY Buffers                                           ; Off                ; Off                ;
; Ignore CASCADE Buffers                                         ; Off                ; Off                ;
; Ignore GLOBAL Buffers                                          ; Off                ; Off                ;
; Ignore ROW GLOBAL Buffers                                      ; Off                ; Off                ;
; Ignore LCELL Buffers                                           ; Off                ; Off                ;
; Ignore SOFT Buffers                                            ; On                 ; On                 ;
; Limit AHDL Integers to 32 Bits                                 ; Off                ; Off                ;
; Optimization Technique                                         ; Balanced           ; Balanced           ;
; Carry Chain Length                                             ; 70                 ; 70                 ;
; Auto Carry Chains                                              ; On                 ; On                 ;
; Auto Open-Drain Pins                                           ; On                 ; On                 ;
; Perform WYSIWYG Primitive Resynthesis                          ; Off                ; Off                ;
; Auto ROM Replacement                                           ; On                 ; On                 ;
; Auto RAM Replacement                                           ; On                 ; On                 ;
; Auto Shift Register Replacement                                ; Auto               ; Auto               ;
; Auto Clock Enable Replacement                                  ; On                 ; On                 ;
; Strict RAM Replacement                                         ; Off                ; Off                ;
; Allow Synchronous Control Signals                              ; On                 ; On                 ;
; Force Use of Synchronous Clear Signals                         ; Off                ; Off                ;
; Auto RAM Block Balancing                                       ; On                 ; On                 ;
; Auto RAM to Logic Cell Conversion                              ; Off                ; Off                ;
; Auto Resource Sharing                                          ; Off                ; Off                ;
; Allow Any RAM Size For Recognition                             ; Off                ; Off                ;
; Allow Any ROM Size For Recognition                             ; Off                ; Off                ;
; Allow Any Shift Register Size For Recognition                  ; Off                ; Off                ;
; Use LogicLock Constraints during Resource Balancing            ; On                 ; On                 ;
; Ignore translate_off and synthesis_off directives              ; Off                ; Off                ;
; Show Parameter Settings Tables in Synthesis Report             ; On                 ; On                 ;
; Ignore Maximum Fan-Out Assignments                             ; Off                ; Off                ;
; Synchronization Register Chain Length                          ; 2                  ; 2                  ;
; PowerPlay Power Optimization                                   ; Normal compilation ; Normal compilation ;
; HDL message level                                              ; Level2             ; Level2             ;
; Suppress Register Optimization Related Messages                ; Off                ; Off                ;
; Number of Removed Registers Reported in Synthesis Report       ; 100                ; 100                ;
; Number of Inverted Registers Reported in Synthesis Report      ; 100                ; 100                ;
; Clock MUX Protection                                           ; On                 ; On                 ;
; Block Design Naming                                            ; Auto               ; Auto               ;
; Synthesis Effort                                               ; Auto               ; Auto               ;
; Allows Asynchronous Clear Usage For Shift Register Replacement ; On                 ; On                 ;
; Analysis & Synthesis Message Level                             ; Medium             ; Medium             ;
+----------------------------------------------------------------+--------------------+--------------------+


+------------------------------------------------------------------------------------------------------------------------------+
; Analysis & Synthesis Source Files Read                                                                                       ;
+----------------------------------+-----------------+------------------------------------------+------------------------------+
; File Name with User-Entered Path ; Used in Netlist ; File Type                                ; File Name with Absolute Path ;
+----------------------------------+-----------------+------------------------------------------+------------------------------+
; clock.bdf                        ; yes             ; Auto-Found Block Diagram/Schematic File  ; D:/HDL/clock/clock.bdf       ;
; alarm.v                          ; yes             ; Auto-Found Verilog HDL File              ; D:/HDL/clock/alarm.v         ;
; timing.v                         ; yes             ; Auto-Found Verilog HDL File              ; D:/HDL/clock/timing.v        ;
; change.v                         ; yes             ; Auto-Found Verilog HDL File              ; D:/HDL/clock/change.v        ;
; display.v                        ; yes             ; Auto-Found Verilog HDL File              ; D:/HDL/clock/display.v       ;
+----------------------------------+-----------------+------------------------------------------+------------------------------+


+---------------------------------------------------------+
; Analysis & Synthesis Resource Usage Summary             ;
+---------------------------------------------+-----------+
; Resource                                    ; Usage     ;
+---------------------------------------------+-----------+
; Total logic elements                        ; 181       ;
;     -- Combinational with no register       ; 102       ;
;     -- Register only                        ; 4         ;
;     -- Combinational with a register        ; 75        ;
;                                             ;           ;
; Logic element usage by number of LUT inputs ;           ;
;     -- 4 input functions                    ; 96        ;
;     -- 3 input functions                    ; 32        ;
;     -- 2 input functions                    ; 44        ;
;     -- 1 input functions                    ; 5         ;
;     -- 0 input functions                    ; 0         ;
;                                             ;           ;
; Logic elements by mode                      ;           ;
;     -- normal mode                          ; 172       ;
;     -- arithmetic mode                      ; 9         ;
;     -- qfbk mode                            ; 0         ;
;     -- register cascade mode                ; 0         ;
;     -- synchronous clear/load mode          ; 17        ;
;     -- asynchronous clear/load mode         ; 0         ;
;                                             ;           ;
; Total registers                             ; 79        ;
; Total logic cells in carry chains           ; 12        ;
; I/O pins                                    ; 35        ;
; Maximum fan-out node                        ; alarm_clk ;
; Maximum fan-out                             ; 54        ;
; Total fan-out                               ; 741       ;
; Average fan-out                             ; 3.43      ;
+---------------------------------------------+-----------+


+------------------------------------------------------------------------------------------------------------------------------------------------------------------------------------------------------------------------+
; Analysis & Synthesis Resource Utilization by Entity                                                                                                                                                                    ;
+----------------------------+-------------+--------------+-------------+------+--------------+--------------+-------------------+------------------+-----------------+------------+----------------------+--------------+
; Compilation Hierarchy Node ; Logic Cells ; LC Registers ; Memory Bits ; Pins ; Virtual Pins ; LUT-Only LCs ; Register-Only LCs ; LUT/Register LCs ; Carry Chain LCs ; Packed LCs ; Full Hierarchy Name  ; Library Name ;
+----------------------------+-------------+--------------+-------------+------+--------------+--------------+-------------------+------------------+-----------------+------------+----------------------+--------------+
; |clock                     ; 181 (3)     ; 79           ; 0           ; 35   ; 0            ; 102 (3)      ; 4 (0)             ; 75 (0)           ; 12 (0)          ; 0 (0)      ; |clock               ; work         ;
;    |alarm:inst3|           ; 38 (38)     ; 11           ; 0           ; 0    ; 0            ; 27 (27)      ; 1 (1)             ; 10 (10)          ; 0 (0)           ; 0 (0)      ; |clock|alarm:inst3   ; work         ;
;    |change:inst2|          ; 52 (52)     ; 19           ; 0           ; 0    ; 0            ; 33 (33)      ; 3 (3)             ; 16 (16)          ; 8 (8)           ; 0 (0)      ; |clock|change:inst2  ; work         ;
;    |display:inst4|         ; 24 (24)     ; 24           ; 0           ; 0    ; 0            ; 0 (0)        ; 0 (0)             ; 24 (24)          ; 0 (0)           ; 0 (0)      ; |clock|display:inst4 ; work         ;
;    |timing:inst|           ; 64 (64)     ; 25           ; 0           ; 0    ; 0            ; 39 (39)      ; 0 (0)             ; 25 (25)          ; 4 (4)           ; 0 (0)      ; |clock|timing:inst   ; work         ;
+----------------------------+-------------+--------------+-------------+------+--------------+--------------+-------------------+------------------+-----------------+------------+----------------------+--------------+
Note: For table entries with two numbers listed, the numbers in parentheses indicate the number of resources of the given type used by the specific entity alone. The numbers listed outside of parentheses indicate the total resources of the given type used by the specific entity and all of its sub-entities in the hierarchy.


+---------------------------------------------------------------------------+
; Registers Removed During Synthesis                                        ;
+---------------------------------------+-----------------------------------+
; Register name                         ; Reason for Removal                ;
+---------------------------------------+-----------------------------------+
; alarm:inst3|change_t                  ; Merged with change:inst2|change_t ;
; Total Number of Removed Registers = 1 ;                                   ;
+---------------------------------------+-----------------------------------+


+------------------------------------------------------+
; General Register Statistics                          ;
+----------------------------------------------+-------+
; Statistic                                    ; Value ;
+----------------------------------------------+-------+
; Total registers                              ; 79    ;
; Number of registers using Synchronous Clear  ; 4     ;
; Number of registers using Synchronous Load   ; 17    ;
; Number of registers using Asynchronous Clear ; 0     ;
; Number of registers using Asynchronous Load  ; 0     ;
; Number of registers using Clock Enable       ; 21    ;
; Number of registers using Preset             ; 0     ;
+----------------------------------------------+-------+


+--------------------------------------------------+
; Inverted Register Statistics                     ;
+----------------------------------------+---------+
; Inverted Register                      ; Fan out ;
+----------------------------------------+---------+
; alarm:inst3|hr_high_alarm_o[0]         ; 7       ;
; alarm:inst3|hr_low_alarm_o[3]          ; 6       ;
; Total number of inverted registers = 2 ;         ;
+----------------------------------------+---------+


+---------------------------------------------------------------------------------------------------------------------------------------------------------+
; Multiplexer Restructuring Statistics (Restructuring Performed)                                                                                          ;
+--------------------+-----------+---------------+----------------------+------------------------+------------+-------------------------------------------+
; Multiplexer Inputs ; Bus Width ; Baseline Area ; Area if Restructured ; Saving if Restructured ; Registered ; Example Multiplexer Output                ;
+--------------------+-----------+---------------+----------------------+------------------------+------------+-------------------------------------------+
; 3:1                ; 4 bits    ; 8 LEs         ; 8 LEs                ; 0 LEs                  ; Yes        ; |clock|timing:inst|min_low_timing_o[0]    ;
; 3:1                ; 4 bits    ; 8 LEs         ; 4 LEs                ; 4 LEs                  ; Yes        ; |clock|timing:inst|sec_low_timing_o[0]    ;
; 3:1                ; 4 bits    ; 8 LEs         ; 8 LEs                ; 0 LEs                  ; Yes        ; |clock|timing:inst|hr_high_timing_o[3]    ;
; 4:1                ; 4 bits    ; 8 LEs         ; 4 LEs                ; 4 LEs                  ; Yes        ; |clock|timing:inst|sec_high_timing_o[0]   ;
; 4:1                ; 4 bits    ; 8 LEs         ; 8 LEs                ; 0 LEs                  ; Yes        ; |clock|timing:inst|min_high_timing_o[1]   ;
; 4:1                ; 4 bits    ; 8 LEs         ; 8 LEs                ; 0 LEs                  ; Yes        ; |clock|timing:inst|hr_low_timing_o[1]     ;
; 7:1                ; 4 bits    ; 16 LEs        ; 8 LEs                ; 8 LEs                  ; Yes        ; |clock|change:inst2|hr_high_setting_o[3]  ;
; 7:1                ; 4 bits    ; 16 LEs        ; 8 LEs                ; 8 LEs                  ; Yes        ; |clock|change:inst2|min_high_setting_o[1] ;
+--------------------+-----------+---------------+----------------------+------------------------+------------+-------------------------------------------+


+-------------------------------+
; Analysis & Synthesis Messages ;
+-------------------------------+
Info: *******************************************************************
Info: Running Quartus II 64-Bit Analysis & Synthesis
    Info: Version 9.0 Build 132 02/25/2009 SJ Full Version
    Info: Processing started: Wed Mar 13 06:14:07 2019
Info: Command: quartus_map --read_settings_files=on --write_settings_files=off clock -c clock
Warning: Using design file clock.bdf, which is not specified as a design file for the current project, but contains definitions for 1 design units and 1 entities in project
    Info: Found entity 1: clock
Info: Elaborating entity "clock" for the top level hierarchy
Warning: Using design file alarm.v, which is not specified as a design file for the current project, but contains definitions for 1 design units and 1 entities in project
    Info: Found entity 1: alarm
Info: Elaborating entity "alarm" for hierarchy "alarm:inst3"
Warning (10230): Verilog HDL assignment warning at alarm.v(44): truncated value with size 32 to match size of target (4)
Warning (10230): Verilog HDL assignment warning at alarm.v(47): truncated value with size 32 to match size of target (4)
Warning: Using design file timing.v, which is not specified as a design file for the current project, but contains definitions for 1 design units and 1 entities in project
    Info: Found entity 1: timing
Info: Elaborating entity "timing" for hierarchy "timing:inst"
Warning (10230): Verilog HDL assignment warning at timing.v(28): truncated value with size 32 to match size of target (4)
Warning (10230): Verilog HDL assignment warning at timing.v(39): truncated value with size 32 to match size of target (4)
Warning (10230): Verilog HDL assignment warning at timing.v(43): truncated value with size 32 to match size of target (1)
Warning (10230): Verilog HDL assignment warning at timing.v(52): truncated value with size 32 to match size of target (4)
Warning (10230): Verilog HDL assignment warning at timing.v(68): truncated value with size 32 to match size of target (4)
Warning (10230): Verilog HDL assignment warning at timing.v(75): truncated value with size 32 to match size of target (1)
Warning (10230): Verilog HDL assignment warning at timing.v(87): truncated value with size 32 to match size of target (4)
Warning (10230): Verilog HDL assignment warning at timing.v(100): truncated value with size 32 to match size of target (4)
Warning: Using design file change.v, which is not specified as a design file for the current project, but contains definitions for 1 design units and 1 entities in project
    Info: Found entity 1: change
Warning (10227): Verilog HDL Port Declaration warning at change.v(5): data type declaration for "hr_high_setting_o" declares packed dimensions but the port declaration declaration does not
Info (10151): Verilog HDL Declaration information at change.v(3): "hr_high_setting_o" is declared here
Warning (10227): Verilog HDL Port Declaration warning at change.v(5): data type declaration for "hr_low_setting_o" declares packed dimensions but the port declaration declaration does not
Info (10151): Verilog HDL Declaration information at change.v(3): "hr_low_setting_o" is declared here
Warning (10227): Verilog HDL Port Declaration warning at change.v(5): data type declaration for "min_high_setting_o" declares packed dimensions but the port declaration declaration does not
Info (10151): Verilog HDL Declaration information at change.v(3): "min_high_setting_o" is declared here
Warning (10227): Verilog HDL Port Declaration warning at change.v(5): data type declaration for "min_low_setting_o" declares packed dimensions but the port declaration declaration does not
Info (10151): Verilog HDL Declaration information at change.v(3): "min_low_setting_o" is declared here
Info: Elaborating entity "change" for hierarchy "change:inst2"
Warning (10230): Verilog HDL assignment warning at change.v(38): truncated value with size 32 to match size of target (4)
Warning (10230): Verilog HDL assignment warning at change.v(41): truncated value with size 32 to match size of target (4)
Warning (10230): Verilog HDL assignment warning at change.v(60): truncated value with size 32 to match size of target (4)
Warning (10230): Verilog HDL assignment warning at change.v(63): truncated value with size 32 to match size of target (4)
Warning (10230): Verilog HDL assignment warning at change.v(94): truncated value with size 32 to match size of target (4)
Warning (10230): Verilog HDL assignment warning at change.v(97): truncated value with size 32 to match size of target (4)
Warning (10230): Verilog HDL assignment warning at change.v(116): truncated value with size 32 to match size of target (4)
Warning (10230): Verilog HDL assignment warning at change.v(119): truncated value with size 32 to match size of target (4)
Warning: Using design file display.v, which is not specified as a design file for the current project, but contains definitions for 1 design units and 1 entities in project
    Info: Found entity 1: display
Info: Elaborating entity "display" for hierarchy "display:inst4"
Warning (10230): Verilog HDL assignment warning at display.v(27): truncated value with size 32 to match size of target (4)
Warning (10230): Verilog HDL assignment warning at display.v(28): truncated value with size 32 to match size of target (4)
Warning (10230): Verilog HDL assignment warning at display.v(30): truncated value with size 32 to match size of target (4)
Warning (10230): Verilog HDL assignment warning at display.v(31): truncated value with size 32 to match size of target (4)
Info: Implemented 216 device resources after synthesis - the final resource count might be different
    Info: Implemented 8 input pins
    Info: Implemented 27 output pins
    Info: Implemented 181 logic cells
Info: Quartus II 64-Bit Analysis & Synthesis was successful. 0 errors, 31 warnings
    Info: Peak virtual memory: 265 megabytes
    Info: Processing ended: Wed Mar 13 06:14:10 2019
    Info: Elapsed time: 00:00:03
    Info: Total CPU time (on all processors): 00:00:02


